4 Oct 21:45:20 - [info] 

Welcome to Node-RED
===================

4 Oct 21:45:20 - [info] Node-RED version: v5.0.4
4 Oct 21:45:20 - [info] Node.js  version: v22.17.0
4 Oct 21:45:20 - [info] Darwin 27.0.0 arm64 LE
4 Oct 21:45:20 - [info] Loading palette nodes
4 Oct 21:45:21 - [info] Settings file  : /Users/adityasuhag/sit314_distinction/nodered/settings.js
4 Oct 21:45:21 - [info] Context store  : 'default' [module=memory]
4 Oct 21:45:21 - [info] User directory : /Users/adityasuhag/sit314_distinction/nodered
4 Oct 21:45:21 - [warn] Projects disabled : editorTheme.projects.enabled=false
4 Oct 21:45:21 - [info] Flows file     : /Users/adityasuhag/sit314_distinction/nodered/flows.json
4 Oct 21:45:21 - [warn] 

---------------------------------------------------------------------
Your flow credentials file is encrypted using a system-generated key.

If the system-generated key is lost for any reason, your credentials
file will not be recoverable, you will have to delete it and re-enter
your credentials.

You should set your own key using the 'credentialSecret' option in
your settings file. Node-RED will then re-encrypt your credentials
file using your chosen key the next time you deploy a change.
---------------------------------------------------------------------

4 Oct 21:45:21 - [info] Server now running at http://127.0.0.1:1880/
4 Oct 21:45:21 - [warn] Encrypted credentials not found
4 Oct 21:45:21 - [info] Starting flows
4 Oct 21:45:21 - [info] Started flows
4 Oct 21:45:21 - [info] [mqtt-broker:AWS IoT Core] Connected to broker: nodered-gateway@mqtts://a25bw3rao5ztni-ats.iot.ap-southeast-2.amazonaws.com:8883
4 Oct 21:46:59 - [info] [debug:ALERT] 
{
  roomId: 'kitchen',
  alert: 'offline',
  lastSeen: 1791110804223,
  at: 1791110819324,
  message: 'no data from kitchen for 15s - sensor probably dead'
}
4 Oct 21:46:59 - [info] [debug:ALERT] 
{
  roomId: 'bedroom2',
  alert: 'offline',
  lastSeen: 1791110804223,
  at: 1791110819327,
  message: 'no data from bedroom2 for 15s - sensor probably dead'
}
4 Oct 21:46:59 - [info] [debug:ALERT] 
{
  roomId: 'bedroom1',
  alert: 'offline',
  lastSeen: 1791110804222,
  at: 1791110819327,
  message: 'no data from bedroom1 for 15s - sensor probably dead'
}
4 Oct 21:46:59 - [info] [debug:ALERT] 
{
  roomId: 'lounge',
  alert: 'offline',
  lastSeen: 1791110804226,
  at: 1791110819344,
  message: 'no data from lounge for 15s - sensor probably dead'
}
4 Oct 21:46:59 - [info] [debug:ALERT] 
{
  roomId: 'bathroom',
  alert: 'offline',
  lastSeen: 1791110804226,
  at: 1791110819346,
  message: 'no data from bathroom for 15s - sensor probably dead'
}
4 Oct 21:47:00 - [warn] [function:back online?] room bedroom2 is back online
4 Oct 21:47:00 - [info] [debug:ALERT] 
{ roomId: 'bedroom2', alert: 'back-online', at: 1791110820816 }
4 Oct 21:47:00 - [info] [debug:REJECTED reading] 
{
  room: 'bedroom2',
  problems: [ 'duplicate (seq 1)' ],
  original: {
    roomId: 'bedroom2',
    ts: 1791110820735,
    seq: 1,
    lux: 48,
    motion: false,
    light: 'off'
  }
}
4 Oct 21:47:00 - [warn] [function:back online?] room lounge is back online
4 Oct 21:47:00 - [info] [debug:ALERT] 
{ roomId: 'lounge', alert: 'back-online', at: 1791110820828 }
4 Oct 21:47:00 - [info] [debug:REJECTED reading] 
{
  room: 'lounge',
  problems: [ 'duplicate (seq 1)' ],
  original: {
    roomId: 'lounge',
    ts: 1791110820732,
    seq: 1,
    lux: 25,
    motion: true,
    light: 'off'
  }
}
4 Oct 21:47:00 - [warn] [function:back online?] room bedroom1 is back online
4 Oct 21:47:00 - [info] [debug:ALERT] 
{ roomId: 'bedroom1', alert: 'back-online', at: 1791110820833 }
4 Oct 21:47:00 - [info] [debug:REJECTED reading] 
{
  room: 'bedroom1',
  problems: [ 'duplicate (seq 1)' ],
  original: {
    roomId: 'bedroom1',
    ts: 1791110820720,
    seq: 1,
    lux: 43,
    motion: false,
    light: 'off'
  }
}
4 Oct 21:47:00 - [warn] [function:back online?] room kitchen is back online
4 Oct 21:47:00 - [info] [debug:ALERT] 
{ roomId: 'kitchen', alert: 'back-online', at: 1791110820835 }
4 Oct 21:47:00 - [info] [debug:REJECTED reading] 
{
  room: 'kitchen',
  problems: [ 'duplicate (seq 1)' ],
  original: {
    roomId: 'kitchen',
    ts: 1791110820728,
    seq: 1,
    lux: 15,
    motion: true,
    light: 'off'
  }
}
4 Oct 21:47:00 - [warn] [function:back online?] room bathroom is back online
4 Oct 21:47:01 - [info] [debug:ALERT] 
{ roomId: 'bathroom', alert: 'back-online', at: 1791110820999 }
4 Oct 21:47:01 - [info] [debug:REJECTED reading] 
{
  room: 'bathroom',
  problems: [ 'duplicate (seq 1)' ],
  original: {
    roomId: 'bathroom',
    ts: 1791110820739,
    seq: 1,
    lux: 36,
    motion: false,
    light: 'off'
  }
}
4 Oct 21:47:03 - [info] [debug:REJECTED reading] 
{
  room: 'kitchen',
  problems: [ 'duplicate (seq 2)' ],
  original: {
    roomId: 'kitchen',
    ts: 1791110823729,
    seq: 2,
    lux: 4,
    motion: true,
    light: 'off'
  }
}
4 Oct 21:47:03 - [info] [debug:REJECTED reading] 
{
  room: 'bathroom',
  problems: [ 'duplicate (seq 2)' ],
  original: {
    roomId: 'bathroom',
    ts: 1791110823740,
    seq: 2,
    lux: 0,
    motion: false,
    light: 'off'
  }
}
4 Oct 21:47:03 - [info] [debug:REJECTED reading] 
{
  room: 'bedroom1',
  problems: [ 'duplicate (seq 2)' ],
  original: {
    roomId: 'bedroom1',
    ts: 1791110823722,
    seq: 2,
    lux: 0,
    motion: false,
    light: 'off'
  }
}
4 Oct 21:47:03 - [info] [debug:REJECTED reading] 
{
  room: 'lounge',
  problems: [ 'duplicate (seq 2)' ],
  original: {
    roomId: 'lounge',
    ts: 1791110823734,
    seq: 2,
    lux: 34,
    motion: true,
    light: 'off'
  }
}
4 Oct 21:47:03 - [info] [debug:REJECTED reading] 
{
  room: 'bedroom2',
  problems: [ 'duplicate (seq 2)' ],
  original: {
    roomId: 'bedroom2',
    ts: 1791110823737,
    seq: 2,
    lux: 39,
    motion: false,
    light: 'off'
  }
}
4 Oct 21:47:06 - [info] [debug:REJECTED reading] 
{
  room: 'lounge',
  problems: [ 'duplicate (seq 3)' ],
  original: {
    roomId: 'lounge',
    ts: 1791110826734,
    seq: 3,
    lux: 12,
    motion: true,
    light: 'off'
  }
}
4 Oct 21:47:06 - [info] [debug:REJECTED reading] 
{
  room: 'bedroom1',
  problems: [ 'duplicate (seq 3)' ],
  original: {
    roomId: 'bedroom1',
    ts: 1791110826724,
    seq: 3,
    lux: 45,
    motion: false,
    light: 'off'
  }
}
4 Oct 21:47:06 - [info] [debug:REJECTED reading] 
{
  room: 'bedroom2',
  problems: [ 'duplicate (seq 3)' ],
  original: {
    roomId: 'bedroom2',
    ts: 1791110826739,
    seq: 3,
    lux: 0,
    motion: false,
    light: 'off'
  }
}
4 Oct 21:47:06 - [info] [debug:REJECTED reading] 
{
  room: 'bathroom',
  problems: [ 'duplicate (seq 3)' ],
  original: {
    roomId: 'bathroom',
    ts: 1791110826740,
    seq: 3,
    lux: 0,
    motion: false,
    light: 'off'
  }
}
4 Oct 21:47:06 - [info] [debug:REJECTED reading] 
{
  room: 'kitchen',
  problems: [ 'duplicate (seq 3)' ],
  original: {
    roomId: 'kitchen',
    ts: 1791110826730,
    seq: 3,
    lux: 11,
    motion: false,
    light: 'off'
  }
}
4 Oct 21:47:08 - [info] [debug:REJECTED reading] 
{
  room: 'lounge',
  problems: [
    'lux missing/out of range',
    'motion should be true/false',
    'timestamp missing or more than 60s off'
  ],
  original: { roomId: 'lounge', ts: 0, lux: -50, motion: 'yes', light: 'on' }
}
4 Oct 21:47:08 - [info] [debug:REJECTED reading] 
{
  room: 'kitchen',
  problems: [
    'roomId does not match topic',
    'timestamp missing or more than 60s off'
  ],
  original: { roomId: 'lounge', ts: 1, lux: 100, motion: true, light: 'off' }
}
4 Oct 21:47:09 - [info] [debug:REJECTED reading] 
{
  room: 'lounge',
  problems: [ 'duplicate (seq 4)' ],
  original: {
    roomId: 'lounge',
    ts: 1791110829735,
    seq: 4,
    lux: 9,
    motion: true,
    light: 'off'
  }
}
4 Oct 21:47:09 - [info] [debug:REJECTED reading] 
{
  room: 'kitchen',
  problems: [ 'duplicate (seq 4)' ],
  original: {
    roomId: 'kitchen',
    ts: 1791110829731,
    seq: 4,
    lux: 2,
    motion: true,
    light: 'off'
  }
}
4 Oct 21:47:09 - [info] [debug:REJECTED reading] 
{
  room: 'bedroom2',
  problems: [ 'duplicate (seq 4)' ],
  original: {
    roomId: 'bedroom2',
    ts: 1791110829739,
    seq: 4,
    lux: 5,
    motion: false,
    light: 'off'
  }
}
4 Oct 21:47:09 - [info] [debug:REJECTED reading] 
{
  room: 'bedroom1',
  problems: [ 'duplicate (seq 4)' ],
  original: {
    roomId: 'bedroom1',
    ts: 1791110829726,
    seq: 4,
    lux: 22,
    motion: false,
    light: 'off'
  }
}
4 Oct 21:47:09 - [info] [debug:REJECTED reading] 
{
  room: 'bathroom',
  problems: [ 'duplicate (seq 4)' ],
  original: {
    roomId: 'bathroom',
    ts: 1791110829742,
    seq: 4,
    lux: 34,
    motion: true,
    light: 'off'
  }
}
4 Oct 21:47:12 - [info] [debug:REJECTED reading] 
{
  room: 'bathroom',
  problems: [ 'duplicate (seq 5)' ],
  original: {
    roomId: 'bathroom',
    ts: 1791110832743,
    seq: 5,
    lux: 18,
    motion: true,
    light: 'off'
  }
}
4 Oct 21:47:12 - [info] [debug:REJECTED reading] 
{
  room: 'lounge',
  problems: [ 'duplicate (seq 5)' ],
  original: {
    roomId: 'lounge',
    ts: 1791110832737,
    seq: 5,
    lux: 27,
    motion: false,
    light: 'off'
  }
}
4 Oct 21:47:12 - [info] [debug:REJECTED reading] 
{
  room: 'bedroom1',
  problems: [ 'duplicate (seq 5)' ],
  original: {
    roomId: 'bedroom1',
    ts: 1791110832729,
    seq: 5,
    lux: 4,
    motion: false,
    light: 'off'
  }
}
4 Oct 21:47:12 - [info] [debug:REJECTED reading] 
{
  room: 'kitchen',
  problems: [ 'duplicate (seq 5)' ],
  original: {
    roomId: 'kitchen',
    ts: 1791110832735,
    seq: 5,
    lux: 13,
    motion: true,
    light: 'off'
  }
}
4 Oct 21:47:12 - [info] [debug:REJECTED reading] 
{
  room: 'bedroom2',
  problems: [ 'duplicate (seq 5)' ],
  original: {
    roomId: 'bedroom2',
    ts: 1791110832742,
    seq: 5,
    lux: 0,
    motion: false,
    light: 'off'
  }
}
4 Oct 21:47:15 - [info] [debug:REJECTED reading] 
{
  room: 'bedroom1',
  problems: [ 'duplicate (seq 6)' ],
  original: {
    roomId: 'bedroom1',
    ts: 1791110835731,
    seq: 6,
    lux: 29,
    motion: false,
    light: 'off'
  }
}
4 Oct 21:47:15 - [info] [debug:REJECTED reading] 
{
  room: 'lounge',
  problems: [ 'duplicate (seq 6)' ],
  original: {
    roomId: 'lounge',
    ts: 1791110835737,
    seq: 6,
    lux: 0,
    motion: true,
    light: 'off'
  }
}
4 Oct 21:47:15 - [info] [debug:REJECTED reading] 
{
  room: 'bedroom2',
  problems: [ 'duplicate (seq 6)' ],
  original: {
    roomId: 'bedroom2',
    ts: 1791110835743,
    seq: 6,
    lux: 37,
    motion: false,
    light: 'off'
  }
}
4 Oct 21:47:15 - [info] [debug:REJECTED reading] 
{
  room: 'bathroom',
  problems: [ 'duplicate (seq 6)' ],
  original: {
    roomId: 'bathroom',
    ts: 1791110835746,
    seq: 6,
    lux: 33,
    motion: false,
    light: 'off'
  }
}
4 Oct 21:47:15 - [info] [debug:REJECTED reading] 
{
  room: 'kitchen',
  problems: [ 'duplicate (seq 6)' ],
  original: {
    roomId: 'kitchen',
    ts: 1791110835735,
    seq: 6,
    lux: 2,
    motion: false,
    light: 'off'
  }
}
4 Oct 21:47:18 - [info] [debug:REJECTED reading] 
{
  room: 'kitchen',
  problems: [ 'duplicate (seq 7)' ],
  original: {
    roomId: 'kitchen',
    ts: 1791110838736,
    seq: 7,
    lux: 17,
    motion: true,
    light: 'off'
  }
}
4 Oct 21:47:18 - [info] [debug:REJECTED reading] 
{
  room: 'bedroom2',
  problems: [ 'duplicate (seq 7)' ],
  original: {
    roomId: 'bedroom2',
    ts: 1791110838745,
    seq: 7,
    lux: 19,
    motion: false,
    light: 'off'
  }
}
4 Oct 21:47:18 - [info] [debug:REJECTED reading] 
{
  room: 'bathroom',
  problems: [ 'duplicate (seq 7)' ],
  original: {
    roomId: 'bathroom',
    ts: 1791110838746,
    seq: 7,
    lux: 26,
    motion: true,
    light: 'off'
  }
}
4 Oct 21:47:18 - [info] [debug:REJECTED reading] 
{
  room: 'bedroom1',
  problems: [ 'duplicate (seq 7)' ],
  original: {
    roomId: 'bedroom1',
    ts: 1791110838732,
    seq: 7,
    lux: 3,
    motion: false,
    light: 'off'
  }
}
4 Oct 21:47:18 - [info] [debug:REJECTED reading] 
{
  room: 'lounge',
  problems: [ 'duplicate (seq 7)' ],
  original: {
    roomId: 'lounge',
    ts: 1791110838738,
    seq: 7,
    lux: 23,
    motion: false,
    light: 'off'
  }
}
4 Oct 21:47:21 - [info] [debug:REJECTED reading] 
{
  room: 'kitchen',
  problems: [ 'duplicate (seq 8)' ],
  original: {
    roomId: 'kitchen',
    ts: 1791110841737,
    seq: 8,
    lux: 13,
    motion: true,
    light: 'off'
  }
}
4 Oct 21:47:21 - [info] [debug:REJECTED reading] 
{
  room: 'bedroom2',
  problems: [ 'duplicate (seq 8)' ],
  original: {
    roomId: 'bedroom2',
    ts: 1791110841746,
    seq: 8,
    lux: 46,
    motion: false,
    light: 'off'
  }
}
4 Oct 21:47:21 - [info] [debug:REJECTED reading] 
{
  room: 'bathroom',
  problems: [ 'duplicate (seq 8)' ],
  original: {
    roomId: 'bathroom',
    ts: 1791110841748,
    seq: 8,
    lux: 38,
    motion: true,
    light: 'off'
  }
}
4 Oct 21:47:21 - [info] [debug:REJECTED reading] 
{
  room: 'lounge',
  problems: [ 'duplicate (seq 8)' ],
  original: {
    roomId: 'lounge',
    ts: 1791110841739,
    seq: 8,
    lux: 28,
    motion: true,
    light: 'off'
  }
}
4 Oct 21:47:21 - [info] [debug:REJECTED reading] 
{
  room: 'bedroom1',
  problems: [ 'duplicate (seq 8)' ],
  original: {
    roomId: 'bedroom1',
    ts: 1791110841734,
    seq: 8,
    lux: 33,
    motion: false,
    light: 'off'
  }
}
4 Oct 21:47:24 - [info] [debug:REJECTED reading] 
{
  room: 'bedroom1',
  problems: [ 'duplicate (seq 9)' ],
  original: {
    roomId: 'bedroom1',
    ts: 1791110844734,
    seq: 9,
    lux: 2,
    motion: false,
    light: 'off'
  }
}
4 Oct 21:47:24 - [info] [debug:REJECTED reading] 
{
  room: 'lounge',
  problems: [ 'duplicate (seq 9)' ],
  original: {
    roomId: 'lounge',
    ts: 1791110844740,
    seq: 9,
    lux: 43,
    motion: true,
    light: 'off'
  }
}
4 Oct 21:47:24 - [info] [debug:REJECTED reading] 
{
  room: 'bedroom2',
  problems: [ 'duplicate (seq 9)' ],
  original: {
    roomId: 'bedroom2',
    ts: 1791110844747,
    seq: 9,
    lux: 0,
    motion: false,
    light: 'off'
  }
}
4 Oct 21:47:24 - [info] [debug:REJECTED reading] 
{
  room: 'bathroom',
  problems: [ 'duplicate (seq 9)' ],
  original: {
    roomId: 'bathroom',
    ts: 1791110844748,
    seq: 9,
    lux: 2,
    motion: false,
    light: 'off'
  }
}
4 Oct 21:47:24 - [info] [debug:REJECTED reading] 
{
  room: 'kitchen',
  problems: [ 'duplicate (seq 9)' ],
  original: {
    roomId: 'kitchen',
    ts: 1791110844738,
    seq: 9,
    lux: 0,
    motion: false,
    light: 'off'
  }
}
4 Oct 21:47:27 - [info] [debug:REJECTED reading] 
{
  room: 'bedroom1',
  problems: [ 'duplicate (seq 10)' ],
  original: {
    roomId: 'bedroom1',
    ts: 1791110847736,
    seq: 10,
    lux: 1,
    motion: false,
    light: 'off'
  }
}
4 Oct 21:47:27 - [info] [debug:REJECTED reading] 
{
  room: 'lounge',
  problems: [ 'duplicate (seq 10)' ],
  original: {
    roomId: 'lounge',
    ts: 1791110847741,
    seq: 10,
    lux: 32,
    motion: true,
    light: 'off'
  }
}
4 Oct 21:47:27 - [info] [debug:REJECTED reading] 
{
  room: 'kitchen',
  problems: [ 'duplicate (seq 10)' ],
  original: {
    roomId: 'kitchen',
    ts: 1791110847740,
    seq: 10,
    lux: 33,
    motion: true,
    light: 'off'
  }
}
4 Oct 21:47:27 - [info] [debug:REJECTED reading] 
{
  room: 'bedroom2',
  problems: [ 'duplicate (seq 10)' ],
  original: {
    roomId: 'bedroom2',
    ts: 1791110847749,
    seq: 10,
    lux: 0,
    motion: false,
    light: 'off'
  }
}
4 Oct 21:47:27 - [info] [debug:REJECTED reading] 
{
  room: 'bathroom',
  problems: [ 'duplicate (seq 10)' ],
  original: {
    roomId: 'bathroom',
    ts: 1791110847750,
    seq: 10,
    lux: 2,
    motion: false,
    light: 'off'
  }
}
4 Oct 21:47:30 - [info] [debug:REJECTED reading] 
{
  room: 'bedroom2',
  problems: [ 'duplicate (seq 11)' ],
  original: {
    roomId: 'bedroom2',
    ts: 1791110850750,
    seq: 11,
    lux: 40,
    motion: false,
    light: 'off'
  }
}
4 Oct 21:47:30 - [info] [debug:REJECTED reading] 
{
  room: 'bathroom',
  problems: [ 'duplicate (seq 11)' ],
  original: {
    roomId: 'bathroom',
    ts: 1791110850752,
    seq: 11,
    lux: 19,
    motion: false,
    light: 'off'
  }
}
4 Oct 21:47:30 - [info] [debug:REJECTED reading] 
{
  room: 'kitchen',
  problems: [ 'duplicate (seq 11)' ],
  original: {
    roomId: 'kitchen',
    ts: 1791110850740,
    seq: 11,
    lux: 29,
    motion: true,
    light: 'off'
  }
}
4 Oct 21:47:30 - [info] [debug:REJECTED reading] 
{
  room: 'bedroom1',
  problems: [ 'duplicate (seq 11)' ],
  original: {
    roomId: 'bedroom1',
    ts: 1791110850737,
    seq: 11,
    lux: 16,
    motion: false,
    light: 'off'
  }
}
4 Oct 21:47:30 - [info] [debug:REJECTED reading] 
{
  room: 'lounge',
  problems: [ 'duplicate (seq 11)' ],
  original: {
    roomId: 'lounge',
    ts: 1791110850743,
    seq: 11,
    lux: 32,
    motion: true,
    light: 'off'
  }
}
