started 5 rooms: lounge, kitchen, bedroom1, bedroom2, bathroom
[21:46:59] bathroom  connected to IoT Core
[21:46:59] lounge    connected to IoT Core
[21:46:59] bedroom1  connected to IoT Core
[21:46:59] kitchen   connected to IoT Core
[21:46:59] bedroom2  connected to IoT Core
[21:47:00] bedroom1  lux=  43 motion=- light=off
[21:47:00] kitchen   lux=  15 motion=Y light=off
[21:47:00] lounge    lux=  25 motion=Y light=off
[21:47:00] bedroom2  lux=  48 motion=- light=off
[21:47:00] bathroom  lux=  36 motion=- light=off
[21:47:03] bedroom1  lux=   0 motion=- light=off
[21:47:03] kitchen   lux=   4 motion=Y light=off
[21:47:03] lounge    lux=  34 motion=Y light=off
[21:47:03] bedroom2  lux=  39 motion=- light=off
[21:47:03] bathroom  lux=   0 motion=- light=off
[21:47:06] kitchen   lux=  11 motion=- light=off
[21:47:06] bedroom1  lux=  45 motion=- light=off
[21:47:06] lounge    lux=  12 motion=Y light=off
[21:47:06] bedroom2  lux=   0 motion=- light=off
[21:47:06] bathroom  lux=   0 motion=- light=off
[21:47:09] lounge    lux=   9 motion=Y light=off
[21:47:09] bedroom2  lux=   5 motion=- light=off
[21:47:09] bedroom1  lux=  22 motion=- light=off
[21:47:09] bathroom  lux=  34 motion=Y light=off
[21:47:09] kitchen   lux=   2 motion=Y light=off
[21:47:12] kitchen   lux=  13 motion=Y light=off
[21:47:12] bathroom  lux=  18 motion=Y light=off
[21:47:12] lounge    lux=  27 motion=- light=off
[21:47:12] bedroom2  lux=   0 motion=- light=off
[21:47:12] bedroom1  lux=   4 motion=- light=off
[21:47:15] bedroom1  lux=  29 motion=- light=off
[21:47:15] lounge    lux=   0 motion=Y light=off
[21:47:15] kitchen   lux=   2 motion=- light=off
[21:47:15] bedroom2  lux=  37 motion=- light=off
[21:47:15] bathroom  lux=  33 motion=- light=off
[21:47:18] bedroom1  lux=   3 motion=- light=off
[21:47:18] kitchen   lux=  17 motion=Y light=off
[21:47:18] lounge    lux=  23 motion=- light=off
[21:47:18] bedroom2  lux=  19 motion=- light=off
[21:47:18] bathroom  lux=  26 motion=Y light=off
[21:47:21] bedroom1  lux=  33 motion=- light=off
[21:47:21] kitchen   lux=  13 motion=Y light=off
[21:47:21] lounge    lux=  28 motion=Y light=off
[21:47:21] bedroom2  lux=  46 motion=- light=off
[21:47:21] bathroom  lux=  38 motion=Y light=off
[21:47:24] bedroom1  lux=   2 motion=- light=off
[21:47:24] kitchen   lux=   0 motion=- light=off
[21:47:24] lounge    lux=  43 motion=Y light=off
[21:47:24] bedroom2  lux=   0 motion=- light=off
[21:47:24] bathroom  lux=   2 motion=- light=off
[21:47:27] bedroom1  lux=   1 motion=- light=off
[21:47:27] kitchen   lux=  33 motion=Y light=off
[21:47:27] lounge    lux=  32 motion=Y light=off
[21:47:27] bedroom2  lux=   0 motion=- light=off
[21:47:27] bathroom  lux=   2 motion=- light=off
[21:47:30] kitchen   lux=  29 motion=Y light=off
[21:47:30] bedroom1  lux=  16 motion=- light=off
[21:47:30] lounge    lux=  32 motion=Y light=off
[21:47:30] bedroom2  lux=  40 motion=- light=off
[21:47:30] bathroom  lux=  19 motion=- light=off
