4 Oct 21:45:20 - [info] 

Welcome to Node-RED
===================

4 Oct 21:45:20 - [info] Node-RED version: v5.0.4
4 Oct 21:45:20 - [info] Node.js  version: v22.17.0
4 Oct 21:45:20 - [info] Darwin 27.0.0 arm64 LE
4 Oct 21:45:20 - [info] Loading palette nodes
4 Oct 21:45:21 - [info] Settings file  : /Users/adityasuhag/sit314_distinction/nodered/settings.js
4 Oct 21:45:21 - [info] Context store  : 'default' [module=memory]
4 Oct 21:45:21 - [info] User directory : /Users/adityasuhag/sit314_distinction/nodered
4 Oct 21:45:21 - [warn] Projects disabled : editorTheme.projects.enabled=false
4 Oct 21:45:21 - [info] Flows file     : /Users/adityasuhag/sit314_distinction/nodered/flows.json
4 Oct 21:45:21 - [warn] 

---------------------------------------------------------------------
Your flow credentials file is encrypted using a system-generated key.

If the system-generated key is lost for any reason, your credentials
file will not be recoverable, you will have to delete it and re-enter
your credentials.

You should set your own key using the 'credentialSecret' option in
your settings file. Node-RED will then re-encrypt your credentials
file using your chosen key the next time you deploy a change.
---------------------------------------------------------------------

4 Oct 21:45:21 - [info] Server now running at http://127.0.0.1:1880/
4 Oct 21:45:21 - [warn] Encrypted credentials not found
4 Oct 21:45:21 - [info] Starting flows
4 Oct 21:45:21 - [info] Started flows
4 Oct 21:45:21 - [info] [mqtt-broker:AWS IoT Core] Connected to broker: nodered-gateway@mqtts://a25bw3rao5ztni-ats.iot.ap-southeast-2.amazonaws.com:8883
